6703
6709
6719
6733
6737
6761
6763
6779
6781
6791
